93.184.216.34 - - [15/Jul/2026:10:00:02 +0000] "GET /api/v1/status HTTP/1.1" 401 21010 "-" "curl/8.5.0"
103.152.220.44 - - [15/Jul/2026:10:00:05 +0000] "GET /robots.txt HTTP/1.1" 200 22140 "-" "curl/8.5.0"
185.220.101.34 - - [15/Jul/2026:10:00:07 +0000] "POST /xmlrpc.php HTTP/1.1" 200 17682 "-" "Mozilla/5.0 (X11; Linux x86_64) Gecko/20100101 Firefox/128.0"
185.220.101.34 - - [15/Jul/2026:10:00:10 +0000] "GET /admin HTTP/1.1" 200 21151 "-" "Mozilla/5.0 (compatible; Googlebot/2.1; +http://www.google.com/bot.html)"
1.1.1.1 - - [15/Jul/2026:10:00:14 +0000] "POST /robots.txt HTTP/1.1" 200 7685 "-" "Mozilla/5.0 (Windows NT 10.0; Win64; x64) AppleWebKit/537.36"
196.251.85.10 - - [15/Jul/2026:10:00:20 +0000] "GET /api/v1/status HTTP/1.1" 200 7093 "-" "Mozilla/5.0 (compatible; Googlebot/2.1; +http://www.google.com/bot.html)"
45.155.205.233 - - [15/Jul/2026:10:00:26 +0000] "GET /xmlrpc.php HTTP/1.1" 500 13144 "-" "python-requests/2.32.0"
179.60.147.5 - - [15/Jul/2026:10:00:29 +0000] "GET /login HTTP/1.1" 200 18574 "-" "Mozilla/5.0 (compatible; Googlebot/2.1; +http://www.google.com/bot.html)"
93.184.216.34 - - [15/Jul/2026:10:00:34 +0000] "POST /admin HTTP/1.1" 404 12041 "-" "Mozilla/5.0 (X11; Linux x86_64) Gecko/20100101 Firefox/128.0"
103.152.220.44 - - [15/Jul/2026:10:00:37 +0000] "POST /favicon.ico HTTP/1.1" 200 1723 "-" "Mozilla/5.0 (Windows NT 10.0; Win64; x64) AppleWebKit/537.36"
1.1.1.1 - - [15/Jul/2026:10:00:40 +0000] "POST /login HTTP/1.1" 403 19723 "-" "Mozilla/5.0 (Windows NT 10.0; Win64; x64) AppleWebKit/537.36"
45.155.205.233 - - [15/Jul/2026:10:00:47 +0000] "GET /assets/app.js HTTP/1.1" 401 17518 "-" "curl/8.5.0"
185.220.101.34 - - [15/Jul/2026:10:00:56 +0000] "GET /xmlrpc.php HTTP/1.1" 200 22518 "-" "Mozilla/5.0 (compatible; Googlebot/2.1; +http://www.google.com/bot.html)"
185.220.101.34 - - [15/Jul/2026:10:01:01 +0000] "POST /robots.txt HTTP/1.1" 200 9797 "-" "python-requests/2.32.0"
93.184.216.34 - - [15/Jul/2026:10:01:04 +0000] "GET / HTTP/1.1" 200 16583 "-" "Mozilla/5.0 (X11; Linux x86_64) Gecko/20100101 Firefox/128.0"
103.152.220.44 - - [15/Jul/2026:10:01:13 +0000] "GET /xmlrpc.php HTTP/1.1" 200 21117 "-" "Mozilla/5.0 (compatible; Googlebot/2.1; +http://www.google.com/bot.html)"
185.220.101.34 - - [15/Jul/2026:10:01:17 +0000] "GET /robots.txt HTTP/1.1" 200 17854 "-" "Mozilla/5.0 (compatible; Googlebot/2.1; +http://www.google.com/bot.html)"
45.155.205.233 - - [15/Jul/2026:10:01:18 +0000] "POST /robots.txt HTTP/1.1" 500 818 "-" "Mozilla/5.0 (Windows NT 10.0; Win64; x64) AppleWebKit/537.36"
45.155.205.233 - - [15/Jul/2026:10:01:24 +0000] "GET /wp-login.php HTTP/1.1" 200 8072 "-" "Mozilla/5.0 (compatible; Googlebot/2.1; +http://www.google.com/bot.html)"
179.60.147.5 - - [15/Jul/2026:10:01:26 +0000] "GET /favicon.ico HTTP/1.1" 200 17635 "-" "Mozilla/5.0 (X11; Linux x86_64) Gecko/20100101 Firefox/128.0"
185.220.101.34 - - [15/Jul/2026:10:01:29 +0000] "POST /favicon.ico HTTP/1.1" 200 8865 "-" "Mozilla/5.0 (compatible; Googlebot/2.1; +http://www.google.com/bot.html)"
185.220.101.34 - - [15/Jul/2026:10:01:36 +0000] "GET /.env HTTP/1.1" 200 23541 "-" "curl/8.5.0"
93.184.216.34 - - [15/Jul/2026:10:01:43 +0000] "POST /xmlrpc.php HTTP/1.1" 404 14535 "-" "Mozilla/5.0 (compatible; Googlebot/2.1; +http://www.google.com/bot.html)"
45.155.205.233 - - [15/Jul/2026:10:01:51 +0000] "GET /wp-login.php HTTP/1.1" 200 2278 "-" "curl/8.5.0"
196.251.85.10 - - [15/Jul/2026:10:01:52 +0000] "POST /.env HTTP/1.1" 200 19462 "-" "Mozilla/5.0 (X11; Linux x86_64) Gecko/20100101 Firefox/128.0"
103.152.220.44 - - [15/Jul/2026:10:01:53 +0000] "GET /xmlrpc.php HTTP/1.1" 200 7681 "-" "Mozilla/5.0 (Windows NT 10.0; Win64; x64) AppleWebKit/537.36"
2606:4700:4700::1111 - - [15/Jul/2026:10:01:54 +0000] "GET /index.html HTTP/1.1" 200 9305 "-" "python-requests/2.32.0"
45.155.205.233 - - [15/Jul/2026:10:01:58 +0000] "POST /login HTTP/1.1" 500 8142 "-" "python-requests/2.32.0"
185.220.101.34 - - [15/Jul/2026:10:02:05 +0000] "GET /index.html HTTP/1.1" 200 21773 "-" "python-requests/2.32.0"
179.60.147.5 - - [15/Jul/2026:10:02:11 +0000] "GET /admin HTTP/1.1" 401 1955 "-" "Mozilla/5.0 (Windows NT 10.0; Win64; x64) AppleWebKit/537.36"
8.8.8.8 - - [15/Jul/2026:10:02:12 +0000] "GET /robots.txt HTTP/1.1" 200 8327 "-" "Mozilla/5.0 (X11; Linux x86_64) Gecko/20100101 Firefox/128.0"
45.155.205.233 - - [15/Jul/2026:10:02:16 +0000] "POST /favicon.ico HTTP/1.1" 200 14004 "-" "Mozilla/5.0 (X11; Linux x86_64) Gecko/20100101 Firefox/128.0"
185.220.101.34 - - [15/Jul/2026:10:02:21 +0000] "GET /wp-login.php HTTP/1.1" 200 14700 "-" "Mozilla/5.0 (compatible; Googlebot/2.1; +http://www.google.com/bot.html)"
103.152.220.44 - - [15/Jul/2026:10:02:23 +0000] "GET /xmlrpc.php HTTP/1.1" 200 3236 "-" "Mozilla/5.0 (X11; Linux x86_64) Gecko/20100101 Firefox/128.0"
1.1.1.1 - - [15/Jul/2026:10:02:26 +0000] "GET /favicon.ico HTTP/1.1" 500 7184 "-" "python-requests/2.32.0"
8.8.8.8 - - [15/Jul/2026:10:02:27 +0000] "GET /admin HTTP/1.1" 200 12973 "-" "curl/8.5.0"
93.184.216.34 - - [15/Jul/2026:10:02:35 +0000] "GET /admin HTTP/1.1" 500 5252 "-" "Mozilla/5.0 (X11; Linux x86_64) Gecko/20100101 Firefox/128.0"
103.152.220.44 - - [15/Jul/2026:10:02:40 +0000] "GET / HTTP/1.1" 200 10456 "-" "Mozilla/5.0 (Windows NT 10.0; Win64; x64) AppleWebKit/537.36"
185.220.101.34 - - [15/Jul/2026:10:02:41 +0000] "POST /favicon.ico HTTP/1.1" 200 2043 "-" "Mozilla/5.0 (compatible; Googlebot/2.1; +http://www.google.com/bot.html)"
103.152.220.44 - - [15/Jul/2026:10:02:43 +0000] "GET /index.html HTTP/1.1" 200 22305 "-" "Mozilla/5.0 (X11; Linux x86_64) Gecko/20100101 Firefox/128.0"
185.220.101.34 - - [15/Jul/2026:10:02:50 +0000] "GET /assets/app.js HTTP/1.1" 200 19150 "-" "Mozilla/5.0 (compatible; Googlebot/2.1; +http://www.google.com/bot.html)"
196.251.85.10 - - [15/Jul/2026:10:02:51 +0000] "POST /index.html HTTP/1.1" 403 21720 "-" "Mozilla/5.0 (compatible; Googlebot/2.1; +http://www.google.com/bot.html)"
45.155.205.233 - - [15/Jul/2026:10:03:00 +0000] "GET /api/v1/status HTTP/1.1" 200 22125 "-" "curl/8.5.0"
93.184.216.34 - - [15/Jul/2026:10:03:04 +0000] "GET /admin HTTP/1.1" 200 22189 "-" "curl/8.5.0"
2606:4700:4700::1111 - - [15/Jul/2026:10:03:12 +0000] "GET /index.html HTTP/1.1" 200 15197 "-" "Mozilla/5.0 (compatible; Googlebot/2.1; +http://www.google.com/bot.html)"
103.152.220.44 - - [15/Jul/2026:10:03:14 +0000] "GET /.env HTTP/1.1" 200 16756 "-" "curl/8.5.0"
45.155.205.233 - - [15/Jul/2026:10:03:17 +0000] "GET /index.html HTTP/1.1" 200 12288 "-" "curl/8.5.0"
45.155.205.233 - - [15/Jul/2026:10:03:20 +0000] "GET /.env HTTP/1.1" 200 20223 "-" "Mozilla/5.0 (compatible; Googlebot/2.1; +http://www.google.com/bot.html)"
179.60.147.5 - - [15/Jul/2026:10:03:21 +0000] "POST /.env HTTP/1.1" 200 21917 "-" "Mozilla/5.0 (Windows NT 10.0; Win64; x64) AppleWebKit/537.36"
93.184.216.34 - - [15/Jul/2026:10:03:24 +0000] "GET /index.html HTTP/1.1" 200 18308 "-" "Mozilla/5.0 (X11; Linux x86_64) Gecko/20100101 Firefox/128.0"
196.251.85.10 - - [15/Jul/2026:10:03:29 +0000] "GET /assets/app.js HTTP/1.1" 200 23694 "-" "curl/8.5.0"
8.8.8.8 - - [15/Jul/2026:10:03:33 +0000] "POST /xmlrpc.php HTTP/1.1" 200 16741 "-" "python-requests/2.32.0"
8.8.8.8 - - [15/Jul/2026:10:03:38 +0000] "GET /index.html HTTP/1.1" 403 9246 "-" "Mozilla/5.0 (Windows NT 10.0; Win64; x64) AppleWebKit/537.36"
185.220.101.34 - - [15/Jul/2026:10:03:39 +0000] "GET /login HTTP/1.1" 200 5474 "-" "python-requests/2.32.0"
45.155.205.233 - - [15/Jul/2026:10:03:48 +0000] "GET /.env HTTP/1.1" 200 3845 "-" "Mozilla/5.0 (Windows NT 10.0; Win64; x64) AppleWebKit/537.36"
8.8.8.8 - - [15/Jul/2026:10:03:51 +0000] "POST / HTTP/1.1" 404 19267 "-" "Mozilla/5.0 (compatible; Googlebot/2.1; +http://www.google.com/bot.html)"
45.155.205.233 - - [15/Jul/2026:10:03:54 +0000] "GET /login HTTP/1.1" 200 10281 "-" "curl/8.5.0"
179.60.147.5 - - [15/Jul/2026:10:03:55 +0000] "GET /wp-login.php HTTP/1.1" 200 22034 "-" "Mozilla/5.0 (Windows NT 10.0; Win64; x64) AppleWebKit/537.36"
45.155.205.233 - - [15/Jul/2026:10:04:01 +0000] "POST /admin HTTP/1.1" 200 7937 "-" "Mozilla/5.0 (X11; Linux x86_64) Gecko/20100101 Firefox/128.0"
1.1.1.1 - - [15/Jul/2026:10:04:04 +0000] "GET / HTTP/1.1" 200 11065 "-" "python-requests/2.32.0"
103.152.220.44 - - [15/Jul/2026:10:04:08 +0000] "GET /login HTTP/1.1" 200 12715 "-" "Mozilla/5.0 (Windows NT 10.0; Win64; x64) AppleWebKit/537.36"
1.1.1.1 - - [15/Jul/2026:10:04:16 +0000] "GET /wp-login.php HTTP/1.1" 401 11637 "-" "curl/8.5.0"
2606:4700:4700::1111 - - [15/Jul/2026:10:04:20 +0000] "GET / HTTP/1.1" 200 13236 "-" "curl/8.5.0"
45.155.205.233 - - [15/Jul/2026:10:04:25 +0000] "GET /api/v1/status HTTP/1.1" 404 21200 "-" "Mozilla/5.0 (compatible; Googlebot/2.1; +http://www.google.com/bot.html)"
45.155.205.233 - - [15/Jul/2026:10:04:32 +0000] "POST /.env HTTP/1.1" 301 1084 "-" "Mozilla/5.0 (Windows NT 10.0; Win64; x64) AppleWebKit/537.36"
8.8.8.8 - - [15/Jul/2026:10:04:37 +0000] "GET /assets/app.js HTTP/1.1" 200 1433 "-" "Mozilla/5.0 (Windows NT 10.0; Win64; x64) AppleWebKit/537.36"
93.184.216.34 - - [15/Jul/2026:10:04:44 +0000] "GET /robots.txt HTTP/1.1" 403 20044 "-" "Mozilla/5.0 (compatible; Googlebot/2.1; +http://www.google.com/bot.html)"
