185.220.101.34 - - [15/Jul/2026:10:00:07 +0000] "GET /admin HTTP/1.1" 200 2863 "-" "python-requests/2.32.0"
103.152.220.44 - - [15/Jul/2026:10:00:08 +0000] "POST / HTTP/1.1" 404 7527 "-" "Mozilla/5.0 (Windows NT 10.0; Win64; x64) AppleWebKit/537.36"
45.155.205.233 - - [15/Jul/2026:10:00:09 +0000] "GET /wp-login.php HTTP/1.1" 200 847 "-" "Mozilla/5.0 (compatible; Googlebot/2.1; +http://www.google.com/bot.html)"
8.8.8.8 - - [15/Jul/2026:10:00:12 +0000] "GET /login HTTP/1.1" 500 22116 "-" "Mozilla/5.0 (Windows NT 10.0; Win64; x64) AppleWebKit/537.36"
103.152.220.44 - - [15/Jul/2026:10:00:16 +0000] "GET /api/v1/status HTTP/1.1" 404 5678 "-" "Mozilla/5.0 (compatible; Googlebot/2.1; +http://www.google.com/bot.html)"
45.155.205.233 - - [15/Jul/2026:10:00:18 +0000] "GET /api/v1/status HTTP/1.1" 200 19142 "-" "Mozilla/5.0 (Windows NT 10.0; Win64; x64) AppleWebKit/537.36"
45.155.205.233 - - [15/Jul/2026:10:00:23 +0000] "POST /xmlrpc.php HTTP/1.1" 404 13177 "-" "Mozilla/5.0 (X11; Linux x86_64) Gecko/20100101 Firefox/128.0"
45.155.205.233 - - [15/Jul/2026:10:00:25 +0000] "POST /xmlrpc.php HTTP/1.1" 200 3519 "-" "curl/8.5.0"
45.155.205.233 - - [15/Jul/2026:10:00:27 +0000] "POST / HTTP/1.1" 404 17636 "-" "python-requests/2.32.0"
45.155.205.233 - - [15/Jul/2026:10:00:33 +0000] "GET /.env HTTP/1.1" 301 594 "-" "python-requests/2.32.0"
8.8.8.8 - - [15/Jul/2026:10:00:41 +0000] "GET /admin HTTP/1.1" 404 21006 "-" "python-requests/2.32.0"
8.8.8.8 - - [15/Jul/2026:10:00:44 +0000] "GET /login HTTP/1.1" 200 20362 "-" "Mozilla/5.0 (compatible; Googlebot/2.1; +http://www.google.com/bot.html)"
45.155.205.233 - - [15/Jul/2026:10:00:52 +0000] "GET /admin HTTP/1.1" 200 10741 "-" "Mozilla/5.0 (X11; Linux x86_64) Gecko/20100101 Firefox/128.0"
1.1.1.1 - - [15/Jul/2026:10:00:54 +0000] "GET /favicon.ico HTTP/1.1" 200 15407 "-" "Mozilla/5.0 (compatible; Googlebot/2.1; +http://www.google.com/bot.html)"
103.152.220.44 - - [15/Jul/2026:10:01:01 +0000] "GET / HTTP/1.1" 500 10830 "-" "Mozilla/5.0 (X11; Linux x86_64) Gecko/20100101 Firefox/128.0"
45.155.205.233 - - [15/Jul/2026:10:01:09 +0000] "GET /robots.txt HTTP/1.1" 200 11332 "-" "curl/8.5.0"
93.184.216.34 - - [15/Jul/2026:10:01:14 +0000] "POST / HTTP/1.1" 200 2985 "-" "Mozilla/5.0 (X11; Linux x86_64) Gecko/20100101 Firefox/128.0"
1.1.1.1 - - [15/Jul/2026:10:01:21 +0000] "GET /.env HTTP/1.1" 200 22809 "-" "python-requests/2.32.0"
185.220.101.34 - - [15/Jul/2026:10:01:29 +0000] "GET / HTTP/1.1" 200 9821 "-" "Mozilla/5.0 (X11; Linux x86_64) Gecko/20100101 Firefox/128.0"
103.152.220.44 - - [15/Jul/2026:10:01:36 +0000] "GET /api/v1/status HTTP/1.1" 404 15687 "-" "Mozilla/5.0 (compatible; Googlebot/2.1; +http://www.google.com/bot.html)"
196.251.85.10 - - [15/Jul/2026:10:01:45 +0000] "GET /admin HTTP/1.1" 301 11708 "-" "python-requests/2.32.0"
8.8.8.8 - - [15/Jul/2026:10:01:50 +0000] "GET /api/v1/status HTTP/1.1" 200 4133 "-" "Mozilla/5.0 (X11; Linux x86_64) Gecko/20100101 Firefox/128.0"
45.155.205.233 - - [15/Jul/2026:10:01:56 +0000] "GET /.env HTTP/1.1" 200 6456 "-" "Mozilla/5.0 (X11; Linux x86_64) Gecko/20100101 Firefox/128.0"
185.220.101.34 - - [15/Jul/2026:10:02:04 +0000] "GET /assets/app.js HTTP/1.1" 200 3474 "-" "Mozilla/5.0 (X11; Linux x86_64) Gecko/20100101 Firefox/128.0"
103.152.220.44 - - [15/Jul/2026:10:02:09 +0000] "GET /robots.txt HTTP/1.1" 200 10084 "-" "Mozilla/5.0 (Windows NT 10.0; Win64; x64) AppleWebKit/537.36"
2606:4700:4700::1111 - - [15/Jul/2026:10:02:18 +0000] "GET /api/v1/status HTTP/1.1" 200 1966 "-" "Mozilla/5.0 (compatible; Googlebot/2.1; +http://www.google.com/bot.html)"
8.8.8.8 - - [15/Jul/2026:10:02:23 +0000] "GET /xmlrpc.php HTTP/1.1" 500 3541 "-" "Mozilla/5.0 (Windows NT 10.0; Win64; x64) AppleWebKit/537.36"
93.184.216.34 - - [15/Jul/2026:10:02:28 +0000] "GET /favicon.ico HTTP/1.1" 401 11344 "-" "Mozilla/5.0 (X11; Linux x86_64) Gecko/20100101 Firefox/128.0"
103.152.220.44 - - [15/Jul/2026:10:02:29 +0000] "GET /favicon.ico HTTP/1.1" 200 2321 "-" "python-requests/2.32.0"
2606:4700:4700::1111 - - [15/Jul/2026:10:02:37 +0000] "GET /assets/app.js HTTP/1.1" 200 5151 "-" "Mozilla/5.0 (X11; Linux x86_64) Gecko/20100101 Firefox/128.0"
8.8.8.8 - - [15/Jul/2026:10:02:42 +0000] "GET /wp-login.php HTTP/1.1" 200 18466 "-" "python-requests/2.32.0"
179.60.147.5 - - [15/Jul/2026:10:02:46 +0000] "POST /admin HTTP/1.1" 401 14687 "-" "curl/8.5.0"
185.220.101.34 - - [15/Jul/2026:10:02:53 +0000] "GET /assets/app.js HTTP/1.1" 200 20156 "-" "Mozilla/5.0 (Windows NT 10.0; Win64; x64) AppleWebKit/537.36"
179.60.147.5 - - [15/Jul/2026:10:02:57 +0000] "POST /wp-login.php HTTP/1.1" 200 21820 "-" "Mozilla/5.0 (Windows NT 10.0; Win64; x64) AppleWebKit/537.36"
93.184.216.34 - - [15/Jul/2026:10:03:00 +0000] "GET /login HTTP/1.1" 200 5309 "-" "Mozilla/5.0 (Windows NT 10.0; Win64; x64) AppleWebKit/537.36"
93.184.216.34 - - [15/Jul/2026:10:03:07 +0000] "GET /assets/app.js HTTP/1.1" 500 9723 "-" "Mozilla/5.0 (Windows NT 10.0; Win64; x64) AppleWebKit/537.36"
93.184.216.34 - - [15/Jul/2026:10:03:11 +0000] "GET /api/v1/status HTTP/1.1" 401 2512 "-" "Mozilla/5.0 (X11; Linux x86_64) Gecko/20100101 Firefox/128.0"
103.152.220.44 - - [15/Jul/2026:10:03:16 +0000] "POST /assets/app.js HTTP/1.1" 200 14110 "-" "Mozilla/5.0 (Windows NT 10.0; Win64; x64) AppleWebKit/537.36"
45.155.205.233 - - [15/Jul/2026:10:03:25 +0000] "GET /xmlrpc.php HTTP/1.1" 200 8884 "-" "Mozilla/5.0 (X11; Linux x86_64) Gecko/20100101 Firefox/128.0"
45.155.205.233 - - [15/Jul/2026:10:03:27 +0000] "GET /login HTTP/1.1" 200 19678 "-" "Mozilla/5.0 (compatible; Googlebot/2.1; +http://www.google.com/bot.html)"
185.220.101.34 - - [15/Jul/2026:10:03:32 +0000] "GET /index.html HTTP/1.1" 401 22746 "-" "curl/8.5.0"
93.184.216.34 - - [15/Jul/2026:10:03:39 +0000] "GET /.env HTTP/1.1" 500 14524 "-" "Mozilla/5.0 (Windows NT 10.0; Win64; x64) AppleWebKit/537.36"
2606:4700:4700::1111 - - [15/Jul/2026:10:03:40 +0000] "GET /robots.txt HTTP/1.1" 200 1027 "-" "Mozilla/5.0 (Windows NT 10.0; Win64; x64) AppleWebKit/537.36"
8.8.8.8 - - [15/Jul/2026:10:03:44 +0000] "POST /assets/app.js HTTP/1.1" 200 22209 "-" "curl/8.5.0"
185.220.101.34 - - [15/Jul/2026:10:03:45 +0000] "GET /favicon.ico HTTP/1.1" 401 9294 "-" "Mozilla/5.0 (X11; Linux x86_64) Gecko/20100101 Firefox/128.0"
45.155.205.233 - - [15/Jul/2026:10:03:52 +0000] "POST /favicon.ico HTTP/1.1" 200 15581 "-" "curl/8.5.0"
185.220.101.34 - - [15/Jul/2026:10:03:59 +0000] "GET /robots.txt HTTP/1.1" 200 5449 "-" "curl/8.5.0"
45.155.205.233 - - [15/Jul/2026:10:04:06 +0000] "GET /api/v1/status HTTP/1.1" 404 18205 "-" "Mozilla/5.0 (Windows NT 10.0; Win64; x64) AppleWebKit/537.36"
45.155.205.233 - - [15/Jul/2026:10:04:14 +0000] "GET /robots.txt HTTP/1.1" 200 10773 "-" "Mozilla/5.0 (Windows NT 10.0; Win64; x64) AppleWebKit/537.36"
8.8.8.8 - - [15/Jul/2026:10:04:21 +0000] "POST / HTTP/1.1" 401 13721 "-" "Mozilla/5.0 (Windows NT 10.0; Win64; x64) AppleWebKit/537.36"
179.60.147.5 - - [15/Jul/2026:10:04:25 +0000] "POST /robots.txt HTTP/1.1" 500 20673 "-" "python-requests/2.32.0"
2606:4700:4700::1111 - - [15/Jul/2026:10:04:26 +0000] "GET /api/v1/status HTTP/1.1" 200 9618 "-" "python-requests/2.32.0"
185.220.101.34 - - [15/Jul/2026:10:04:34 +0000] "GET / HTTP/1.1" 200 23438 "-" "Mozilla/5.0 (X11; Linux x86_64) Gecko/20100101 Firefox/128.0"
103.152.220.44 - - [15/Jul/2026:10:04:39 +0000] "POST / HTTP/1.1" 403 3234 "-" "Mozilla/5.0 (X11; Linux x86_64) Gecko/20100101 Firefox/128.0"
93.184.216.34 - - [15/Jul/2026:10:04:41 +0000] "GET /index.html HTTP/1.1" 200 16510 "-" "curl/8.5.0"
1.1.1.1 - - [15/Jul/2026:10:04:50 +0000] "GET /admin HTTP/1.1" 500 15653 "-" "Mozilla/5.0 (X11; Linux x86_64) Gecko/20100101 Firefox/128.0"
8.8.8.8 - - [15/Jul/2026:10:04:58 +0000] "POST /login HTTP/1.1" 404 6425 "-" "Mozilla/5.0 (compatible; Googlebot/2.1; +http://www.google.com/bot.html)"
45.155.205.233 - - [15/Jul/2026:10:05:07 +0000] "GET /index.html HTTP/1.1" 200 13776 "-" "curl/8.5.0"
93.184.216.34 - - [15/Jul/2026:10:05:16 +0000] "GET / HTTP/1.1" 200 23971 "-" "curl/8.5.0"
45.155.205.233 - - [15/Jul/2026:10:05:24 +0000] "GET /favicon.ico HTTP/1.1" 500 11489 "-" "curl/8.5.0"
103.152.220.44 - - [15/Jul/2026:10:05:33 +0000] "POST /admin HTTP/1.1" 401 10724 "-" "Mozilla/5.0 (X11; Linux x86_64) Gecko/20100101 Firefox/128.0"
45.155.205.233 - - [15/Jul/2026:10:05:37 +0000] "POST /admin HTTP/1.1" 200 13640 "-" "Mozilla/5.0 (Windows NT 10.0; Win64; x64) AppleWebKit/537.36"
8.8.8.8 - - [15/Jul/2026:10:05:43 +0000] "GET /admin HTTP/1.1" 404 21927 "-" "Mozilla/5.0 (X11; Linux x86_64) Gecko/20100101 Firefox/128.0"
1.1.1.1 - - [15/Jul/2026:10:05:51 +0000] "GET /login HTTP/1.1" 301 3468 "-" "python-requests/2.32.0"
45.155.205.233 - - [15/Jul/2026:10:05:53 +0000] "POST /favicon.ico HTTP/1.1" 200 23853 "-" "Mozilla/5.0 (X11; Linux x86_64) Gecko/20100101 Firefox/128.0"
8.8.8.8 - - [15/Jul/2026:10:06:00 +0000] "POST /login HTTP/1.1" 200 15564 "-" "curl/8.5.0"
179.60.147.5 - - [15/Jul/2026:10:06:06 +0000] "POST /admin HTTP/1.1" 200 10946 "-" "Mozilla/5.0 (compatible; Googlebot/2.1; +http://www.google.com/bot.html)"
93.184.216.34 - - [15/Jul/2026:10:06:13 +0000] "GET /xmlrpc.php HTTP/1.1" 500 17908 "-" "Mozilla/5.0 (Windows NT 10.0; Win64; x64) AppleWebKit/537.36"
93.184.216.34 - - [15/Jul/2026:10:06:15 +0000] "GET /xmlrpc.php HTTP/1.1" 200 7634 "-" "Mozilla/5.0 (Windows NT 10.0; Win64; x64) AppleWebKit/537.36"
185.220.101.34 - - [15/Jul/2026:10:06:22 +0000] "GET /xmlrpc.php HTTP/1.1" 200 14718 "-" "Mozilla/5.0 (X11; Linux x86_64) Gecko/20100101 Firefox/128.0"
93.184.216.34 - - [15/Jul/2026:10:06:27 +0000] "GET / HTTP/1.1" 301 2018 "-" "curl/8.5.0"
8.8.8.8 - - [15/Jul/2026:10:06:33 +0000] "GET /admin HTTP/1.1" 200 8181 "-" "Mozilla/5.0 (compatible; Googlebot/2.1; +http://www.google.com/bot.html)"
45.155.205.233 - - [15/Jul/2026:10:06:40 +0000] "POST /xmlrpc.php HTTP/1.1" 200 5750 "-" "Mozilla/5.0 (X11; Linux x86_64) Gecko/20100101 Firefox/128.0"
103.152.220.44 - - [15/Jul/2026:10:06:42 +0000] "POST /admin HTTP/1.1" 200 16487 "-" "Mozilla/5.0 (compatible; Googlebot/2.1; +http://www.google.com/bot.html)"
1.1.1.1 - - [15/Jul/2026:10:06:45 +0000] "GET /favicon.ico HTTP/1.1" 200 15239 "-" "curl/8.5.0"
196.251.85.10 - - [15/Jul/2026:10:06:46 +0000] "GET /api/v1/status HTTP/1.1" 200 2600 "-" "python-requests/2.32.0"
196.251.85.10 - - [15/Jul/2026:10:06:52 +0000] "POST /api/v1/status HTTP/1.1" 403 22800 "-" "curl/8.5.0"
93.184.216.34 - - [15/Jul/2026:10:07:00 +0000] "GET /wp-login.php HTTP/1.1" 404 16013 "-" "Mozilla/5.0 (Windows NT 10.0; Win64; x64) AppleWebKit/537.36"
2606:4700:4700::1111 - - [15/Jul/2026:10:07:04 +0000] "GET /assets/app.js HTTP/1.1" 404 19015 "-" "curl/8.5.0"
93.184.216.34 - - [15/Jul/2026:10:07:09 +0000] "GET /xmlrpc.php HTTP/1.1" 404 9174 "-" "Mozilla/5.0 (Windows NT 10.0; Win64; x64) AppleWebKit/537.36"
45.155.205.233 - - [15/Jul/2026:10:07:10 +0000] "POST /favicon.ico HTTP/1.1" 200 7720 "-" "Mozilla/5.0 (compatible; Googlebot/2.1; +http://www.google.com/bot.html)"
103.152.220.44 - - [15/Jul/2026:10:07:16 +0000] "GET /xmlrpc.php HTTP/1.1" 200 20525 "-" "curl/8.5.0"
1.1.1.1 - - [15/Jul/2026:10:07:19 +0000] "POST /index.html HTTP/1.1" 200 10303 "-" "python-requests/2.32.0"
45.155.205.233 - - [15/Jul/2026:10:07:20 +0000] "POST /robots.txt HTTP/1.1" 200 3133 "-" "curl/8.5.0"
185.220.101.34 - - [15/Jul/2026:10:07:26 +0000] "GET /login HTTP/1.1" 200 4510 "-" "Mozilla/5.0 (compatible; Googlebot/2.1; +http://www.google.com/bot.html)"
196.251.85.10 - - [15/Jul/2026:10:07:32 +0000] "POST /.env HTTP/1.1" 200 5571 "-" "curl/8.5.0"
185.220.101.34 - - [15/Jul/2026:10:07:40 +0000] "GET /robots.txt HTTP/1.1" 200 15526 "-" "Mozilla/5.0 (Windows NT 10.0; Win64; x64) AppleWebKit/537.36"
185.220.101.34 - - [15/Jul/2026:10:07:43 +0000] "GET /xmlrpc.php HTTP/1.1" 404 18442 "-" "curl/8.5.0"
93.184.216.34 - - [15/Jul/2026:10:07:45 +0000] "GET / HTTP/1.1" 200 17762 "-" "Mozilla/5.0 (Windows NT 10.0; Win64; x64) AppleWebKit/537.36"
93.184.216.34 - - [15/Jul/2026:10:07:53 +0000] "GET /xmlrpc.php HTTP/1.1" 200 19334 "-" "python-requests/2.32.0"
196.251.85.10 - - [15/Jul/2026:10:07:59 +0000] "GET /xmlrpc.php HTTP/1.1" 200 15629 "-" "Mozilla/5.0 (Windows NT 10.0; Win64; x64) AppleWebKit/537.36"
45.155.205.233 - - [15/Jul/2026:10:08:08 +0000] "GET /assets/app.js HTTP/1.1" 200 21402 "-" "Mozilla/5.0 (Windows NT 10.0; Win64; x64) AppleWebKit/537.36"
185.220.101.34 - - [15/Jul/2026:10:08:16 +0000] "GET /xmlrpc.php HTTP/1.1" 403 4003 "-" "Mozilla/5.0 (X11; Linux x86_64) Gecko/20100101 Firefox/128.0"
103.152.220.44 - - [15/Jul/2026:10:08:17 +0000] "GET /api/v1/status HTTP/1.1" 500 3985 "-" "Mozilla/5.0 (Windows NT 10.0; Win64; x64) AppleWebKit/537.36"
45.155.205.233 - - [15/Jul/2026:10:08:21 +0000] "POST /login HTTP/1.1" 404 15044 "-" "curl/8.5.0"
179.60.147.5 - - [15/Jul/2026:10:08:30 +0000] "GET /assets/app.js HTTP/1.1" 200 13774 "-" "Mozilla/5.0 (Windows NT 10.0; Win64; x64) AppleWebKit/537.36"
185.220.101.34 - - [15/Jul/2026:10:08:38 +0000] "POST /admin HTTP/1.1" 200 1252 "-" "curl/8.5.0"
8.8.8.8 - - [15/Jul/2026:10:08:42 +0000] "GET /favicon.ico HTTP/1.1" 200 12064 "-" "Mozilla/5.0 (Windows NT 10.0; Win64; x64) AppleWebKit/537.36"
45.155.205.233 - - [15/Jul/2026:10:08:48 +0000] "POST /xmlrpc.php HTTP/1.1" 404 2164 "-" "python-requests/2.32.0"
185.220.101.34 - - [15/Jul/2026:10:08:53 +0000] "GET /index.html HTTP/1.1" 401 3183 "-" "Mozilla/5.0 (X11; Linux x86_64) Gecko/20100101 Firefox/128.0"
179.60.147.5 - - [15/Jul/2026:10:08:54 +0000] "GET /robots.txt HTTP/1.1" 200 4306 "-" "Mozilla/5.0 (compatible; Googlebot/2.1; +http://www.google.com/bot.html)"
185.220.101.34 - - [15/Jul/2026:10:08:58 +0000] "GET /.env HTTP/1.1" 200 19394 "-" "Mozilla/5.0 (X11; Linux x86_64) Gecko/20100101 Firefox/128.0"
185.220.101.34 - - [15/Jul/2026:10:09:02 +0000] "GET /login HTTP/1.1" 200 9265 "-" "Mozilla/5.0 (X11; Linux x86_64) Gecko/20100101 Firefox/128.0"
103.152.220.44 - - [15/Jul/2026:10:09:05 +0000] "POST /api/v1/status HTTP/1.1" 200 3782 "-" "Mozilla/5.0 (Windows NT 10.0; Win64; x64) AppleWebKit/537.36"
45.155.205.233 - - [15/Jul/2026:10:09:08 +0000] "GET /robots.txt HTTP/1.1" 200 19475 "-" "curl/8.5.0"
1.1.1.1 - - [15/Jul/2026:10:09:09 +0000] "GET /api/v1/status HTTP/1.1" 200 4333 "-" "python-requests/2.32.0"
1.1.1.1 - - [15/Jul/2026:10:09:18 +0000] "GET /index.html HTTP/1.1" 500 14869 "-" "curl/8.5.0"
2606:4700:4700::1111 - - [15/Jul/2026:10:09:27 +0000] "POST /index.html HTTP/1.1" 401 16689 "-" "Mozilla/5.0 (X11; Linux x86_64) Gecko/20100101 Firefox/128.0"
45.155.205.233 - - [15/Jul/2026:10:09:28 +0000] "POST /.env HTTP/1.1" 200 15189 "-" "Mozilla/5.0 (Windows NT 10.0; Win64; x64) AppleWebKit/537.36"
8.8.8.8 - - [15/Jul/2026:10:09:29 +0000] "GET /admin HTTP/1.1" 403 22662 "-" "Mozilla/5.0 (Windows NT 10.0; Win64; x64) AppleWebKit/537.36"
2606:4700:4700::1111 - - [15/Jul/2026:10:09:37 +0000] "GET /index.html HTTP/1.1" 200 10734 "-" "Mozilla/5.0 (compatible; Googlebot/2.1; +http://www.google.com/bot.html)"
103.152.220.44 - - [15/Jul/2026:10:09:40 +0000] "GET /login HTTP/1.1" 200 20637 "-" "Mozilla/5.0 (compatible; Googlebot/2.1; +http://www.google.com/bot.html)"
45.155.205.233 - - [15/Jul/2026:10:09:49 +0000] "GET /admin HTTP/1.1" 200 15047 "-" "Mozilla/5.0 (compatible; Googlebot/2.1; +http://www.google.com/bot.html)"
103.152.220.44 - - [15/Jul/2026:10:09:56 +0000] "GET /index.html HTTP/1.1" 200 14272 "-" "python-requests/2.32.0"
185.220.101.34 - - [15/Jul/2026:10:10:00 +0000] "GET /robots.txt HTTP/1.1" 401 13245 "-" "python-requests/2.32.0"
179.60.147.5 - - [15/Jul/2026:10:10:02 +0000] "GET /admin HTTP/1.1" 301 21974 "-" "curl/8.5.0"
179.60.147.5 - - [15/Jul/2026:10:10:08 +0000] "GET /xmlrpc.php HTTP/1.1" 500 2379 "-" "Mozilla/5.0 (Windows NT 10.0; Win64; x64) AppleWebKit/537.36"
179.60.147.5 - - [15/Jul/2026:10:10:10 +0000] "GET /admin HTTP/1.1" 200 12390 "-" "Mozilla/5.0 (X11; Linux x86_64) Gecko/20100101 Firefox/128.0"
93.184.216.34 - - [15/Jul/2026:10:10:19 +0000] "GET /assets/app.js HTTP/1.1" 301 22134 "-" "Mozilla/5.0 (Windows NT 10.0; Win64; x64) AppleWebKit/537.36"
185.220.101.34 - - [15/Jul/2026:10:10:26 +0000] "GET /xmlrpc.php HTTP/1.1" 403 23807 "-" "Mozilla/5.0 (Windows NT 10.0; Win64; x64) AppleWebKit/537.36"
196.251.85.10 - - [15/Jul/2026:10:10:31 +0000] "POST /api/v1/status HTTP/1.1" 404 3574 "-" "Mozilla/5.0 (compatible; Googlebot/2.1; +http://www.google.com/bot.html)"
185.220.101.34 - - [15/Jul/2026:10:10:40 +0000] "GET /login HTTP/1.1" 500 7528 "-" "Mozilla/5.0 (Windows NT 10.0; Win64; x64) AppleWebKit/537.36"
185.220.101.34 - - [15/Jul/2026:10:10:46 +0000] "POST /robots.txt HTTP/1.1" 200 9308 "-" "Mozilla/5.0 (compatible; Googlebot/2.1; +http://www.google.com/bot.html)"
1.1.1.1 - - [15/Jul/2026:10:10:50 +0000] "GET /.env HTTP/1.1" 200 20135 "-" "curl/8.5.0"
103.152.220.44 - - [15/Jul/2026:10:10:51 +0000] "GET /api/v1/status HTTP/1.1" 200 11315 "-" "curl/8.5.0"
179.60.147.5 - - [15/Jul/2026:10:10:52 +0000] "GET /login HTTP/1.1" 404 2460 "-" "Mozilla/5.0 (X11; Linux x86_64) Gecko/20100101 Firefox/128.0"
103.152.220.44 - - [15/Jul/2026:10:10:53 +0000] "GET /.env HTTP/1.1" 200 12507 "-" "python-requests/2.32.0"
45.155.205.233 - - [15/Jul/2026:10:11:01 +0000] "GET /login HTTP/1.1" 404 10391 "-" "curl/8.5.0"
45.155.205.233 - - [15/Jul/2026:10:11:03 +0000] "GET /login HTTP/1.1" 200 20425 "-" "Mozilla/5.0 (Windows NT 10.0; Win64; x64) AppleWebKit/537.36"
1.1.1.1 - - [15/Jul/2026:10:11:05 +0000] "GET /favicon.ico HTTP/1.1" 403 16094 "-" "Mozilla/5.0 (compatible; Googlebot/2.1; +http://www.google.com/bot.html)"
103.152.220.44 - - [15/Jul/2026:10:11:13 +0000] "GET /api/v1/status HTTP/1.1" 200 16968 "-" "Mozilla/5.0 (Windows NT 10.0; Win64; x64) AppleWebKit/537.36"
185.220.101.34 - - [15/Jul/2026:10:11:19 +0000] "GET /index.html HTTP/1.1" 200 22403 "-" "Mozilla/5.0 (compatible; Googlebot/2.1; +http://www.google.com/bot.html)"
2606:4700:4700::1111 - - [15/Jul/2026:10:11:27 +0000] "POST /xmlrpc.php HTTP/1.1" 200 1668 "-" "Mozilla/5.0 (X11; Linux x86_64) Gecko/20100101 Firefox/128.0"
8.8.8.8 - - [15/Jul/2026:10:11:34 +0000] "POST / HTTP/1.1" 200 6878 "-" "curl/8.5.0"
93.184.216.34 - - [15/Jul/2026:10:11:38 +0000] "GET /api/v1/status HTTP/1.1" 200 10931 "-" "Mozilla/5.0 (Windows NT 10.0; Win64; x64) AppleWebKit/537.36"
179.60.147.5 - - [15/Jul/2026:10:11:39 +0000] "GET /admin HTTP/1.1" 200 4413 "-" "python-requests/2.32.0"
185.220.101.34 - - [15/Jul/2026:10:11:48 +0000] "GET /.env HTTP/1.1" 404 2541 "-" "python-requests/2.32.0"
196.251.85.10 - - [15/Jul/2026:10:11:49 +0000] "GET / HTTP/1.1" 401 2731 "-" "curl/8.5.0"
185.220.101.34 - - [15/Jul/2026:10:11:56 +0000] "POST /admin HTTP/1.1" 403 9666 "-" "Mozilla/5.0 (Windows NT 10.0; Win64; x64) AppleWebKit/537.36"
1.1.1.1 - - [15/Jul/2026:10:12:03 +0000] "GET /robots.txt HTTP/1.1" 200 20434 "-" "python-requests/2.32.0"
185.220.101.34 - - [15/Jul/2026:10:12:09 +0000] "GET /admin HTTP/1.1" 200 8152 "-" "python-requests/2.32.0"
45.155.205.233 - - [15/Jul/2026:10:12:16 +0000] "POST /index.html HTTP/1.1" 404 10347 "-" "curl/8.5.0"
185.220.101.34 - - [15/Jul/2026:10:12:20 +0000] "GET /login HTTP/1.1" 200 16907 "-" "Mozilla/5.0 (Windows NT 10.0; Win64; x64) AppleWebKit/537.36"
1.1.1.1 - - [15/Jul/2026:10:12:29 +0000] "POST /wp-login.php HTTP/1.1" 404 11684 "-" "Mozilla/5.0 (X11; Linux x86_64) Gecko/20100101 Firefox/128.0"
93.184.216.34 - - [15/Jul/2026:10:12:33 +0000] "GET /login HTTP/1.1" 200 6644 "-" "Mozilla/5.0 (X11; Linux x86_64) Gecko/20100101 Firefox/128.0"
45.155.205.233 - - [15/Jul/2026:10:12:36 +0000] "POST /index.html HTTP/1.1" 200 20756 "-" "python-requests/2.32.0"
45.155.205.233 - - [15/Jul/2026:10:12:44 +0000] "POST /assets/app.js HTTP/1.1" 401 22499 "-" "Mozilla/5.0 (compatible; Googlebot/2.1; +http://www.google.com/bot.html)"
93.184.216.34 - - [15/Jul/2026:10:12:50 +0000] "POST /robots.txt HTTP/1.1" 200 14590 "-" "Mozilla/5.0 (Windows NT 10.0; Win64; x64) AppleWebKit/537.36"
103.152.220.44 - - [15/Jul/2026:10:12:58 +0000] "GET /xmlrpc.php HTTP/1.1" 200 9180 "-" "Mozilla/5.0 (compatible; Googlebot/2.1; +http://www.google.com/bot.html)"
45.155.205.233 - - [15/Jul/2026:10:12:59 +0000] "GET /.env HTTP/1.1" 200 10351 "-" "python-requests/2.32.0"
45.155.205.233 - - [15/Jul/2026:10:13:07 +0000] "GET / HTTP/1.1" 404 9586 "-" "Mozilla/5.0 (Windows NT 10.0; Win64; x64) AppleWebKit/537.36"
185.220.101.34 - - [15/Jul/2026:10:13:09 +0000] "POST /assets/app.js HTTP/1.1" 404 15342 "-" "Mozilla/5.0 (compatible; Googlebot/2.1; +http://www.google.com/bot.html)"
103.152.220.44 - - [15/Jul/2026:10:13:18 +0000] "GET /favicon.ico HTTP/1.1" 200 10715 "-" "Mozilla/5.0 (compatible; Googlebot/2.1; +http://www.google.com/bot.html)"
179.60.147.5 - - [15/Jul/2026:10:13:26 +0000] "POST /login HTTP/1.1" 200 14942 "-" "Mozilla/5.0 (Windows NT 10.0; Win64; x64) AppleWebKit/537.36"
93.184.216.34 - - [15/Jul/2026:10:13:32 +0000] "GET /.env HTTP/1.1" 200 1462 "-" "Mozilla/5.0 (X11; Linux x86_64) Gecko/20100101 Firefox/128.0"
185.220.101.34 - - [15/Jul/2026:10:13:40 +0000] "GET /.env HTTP/1.1" 200 12104 "-" "curl/8.5.0"
103.152.220.44 - - [15/Jul/2026:10:13:45 +0000] "GET /admin HTTP/1.1" 301 22426 "-" "Mozilla/5.0 (compatible; Googlebot/2.1; +http://www.google.com/bot.html)"
2606:4700:4700::1111 - - [15/Jul/2026:10:13:46 +0000] "POST /xmlrpc.php HTTP/1.1" 301 2339 "-" "curl/8.5.0"
103.152.220.44 - - [15/Jul/2026:10:13:48 +0000] "POST /xmlrpc.php HTTP/1.1" 404 9490 "-" "curl/8.5.0"
196.251.85.10 - - [15/Jul/2026:10:13:51 +0000] "GET /index.html HTTP/1.1" 200 11642 "-" "curl/8.5.0"
185.220.101.34 - - [15/Jul/2026:10:13:58 +0000] "GET /assets/app.js HTTP/1.1" 200 10324 "-" "Mozilla/5.0 (compatible; Googlebot/2.1; +http://www.google.com/bot.html)"
103.152.220.44 - - [15/Jul/2026:10:14:05 +0000] "POST /robots.txt HTTP/1.1" 200 22138 "-" "Mozilla/5.0 (compatible; Googlebot/2.1; +http://www.google.com/bot.html)"
103.152.220.44 - - [15/Jul/2026:10:14:07 +0000] "POST /xmlrpc.php HTTP/1.1" 403 16842 "-" "curl/8.5.0"
93.184.216.34 - - [15/Jul/2026:10:14:08 +0000] "GET /api/v1/status HTTP/1.1" 200 7198 "-" "curl/8.5.0"
45.155.205.233 - - [15/Jul/2026:10:14:16 +0000] "GET /wp-login.php HTTP/1.1" 200 5257 "-" "Mozilla/5.0 (Windows NT 10.0; Win64; x64) AppleWebKit/537.36"
45.155.205.233 - - [15/Jul/2026:10:14:21 +0000] "GET /.env HTTP/1.1" 200 21870 "-" "curl/8.5.0"
93.184.216.34 - - [15/Jul/2026:10:14:24 +0000] "POST /admin HTTP/1.1" 200 5496 "-" "Mozilla/5.0 (X11; Linux x86_64) Gecko/20100101 Firefox/128.0"
1.1.1.1 - - [15/Jul/2026:10:14:27 +0000] "GET / HTTP/1.1" 403 12117 "-" "Mozilla/5.0 (X11; Linux x86_64) Gecko/20100101 Firefox/128.0"
103.152.220.44 - - [15/Jul/2026:10:14:35 +0000] "POST /api/v1/status HTTP/1.1" 401 7847 "-" "Mozilla/5.0 (compatible; Googlebot/2.1; +http://www.google.com/bot.html)"
185.220.101.34 - - [15/Jul/2026:10:14:39 +0000] "GET /favicon.ico HTTP/1.1" 200 12233 "-" "Mozilla/5.0 (compatible; Googlebot/2.1; +http://www.google.com/bot.html)"
45.155.205.233 - - [15/Jul/2026:10:14:47 +0000] "GET /api/v1/status HTTP/1.1" 404 16659 "-" "Mozilla/5.0 (compatible; Googlebot/2.1; +http://www.google.com/bot.html)"
185.220.101.34 - - [15/Jul/2026:10:14:54 +0000] "GET /wp-login.php HTTP/1.1" 200 8372 "-" "Mozilla/5.0 (Windows NT 10.0; Win64; x64) AppleWebKit/537.36"
45.155.205.233 - - [15/Jul/2026:10:15:02 +0000] "GET /.env HTTP/1.1" 200 23491 "-" "Mozilla/5.0 (compatible; Googlebot/2.1; +http://www.google.com/bot.html)"
179.60.147.5 - - [15/Jul/2026:10:15:04 +0000] "GET /index.html HTTP/1.1" 200 9118 "-" "python-requests/2.32.0"
185.220.101.34 - - [15/Jul/2026:10:15:13 +0000] "GET /admin HTTP/1.1" 200 7455 "-" "python-requests/2.32.0"
45.155.205.233 - - [15/Jul/2026:10:15:19 +0000] "GET /admin HTTP/1.1" 200 13171 "-" "Mozilla/5.0 (compatible; Googlebot/2.1; +http://www.google.com/bot.html)"
185.220.101.34 - - [15/Jul/2026:10:15:25 +0000] "GET /admin HTTP/1.1" 200 12465 "-" "Mozilla/5.0 (X11; Linux x86_64) Gecko/20100101 Firefox/128.0"
1.1.1.1 - - [15/Jul/2026:10:15:26 +0000] "GET /index.html HTTP/1.1" 301 4965 "-" "Mozilla/5.0 (X11; Linux x86_64) Gecko/20100101 Firefox/128.0"
196.251.85.10 - - [15/Jul/2026:10:15:27 +0000] "GET /favicon.ico HTTP/1.1" 200 23299 "-" "python-requests/2.32.0"
185.220.101.34 - - [15/Jul/2026:10:15:35 +0000] "POST / HTTP/1.1" 200 802 "-" "curl/8.5.0"
103.152.220.44 - - [15/Jul/2026:10:15:39 +0000] "GET /.env HTTP/1.1" 403 3823 "-" "curl/8.5.0"
185.220.101.34 - - [15/Jul/2026:10:15:43 +0000] "GET /index.html HTTP/1.1" 200 7993 "-" "python-requests/2.32.0"
196.251.85.10 - - [15/Jul/2026:10:15:51 +0000] "GET /index.html HTTP/1.1" 500 19733 "-" "Mozilla/5.0 (compatible; Googlebot/2.1; +http://www.google.com/bot.html)"
8.8.8.8 - - [15/Jul/2026:10:15:52 +0000] "POST /.env HTTP/1.1" 200 23725 "-" "Mozilla/5.0 (X11; Linux x86_64) Gecko/20100101 Firefox/128.0"
45.155.205.233 - - [15/Jul/2026:10:15:57 +0000] "GET / HTTP/1.1" 404 8062 "-" "Mozilla/5.0 (compatible; Googlebot/2.1; +http://www.google.com/bot.html)"
45.155.205.233 - - [15/Jul/2026:10:16:04 +0000] "GET /xmlrpc.php HTTP/1.1" 200 17333 "-" "curl/8.5.0"
93.184.216.34 - - [15/Jul/2026:10:16:06 +0000] "POST /.env HTTP/1.1" 200 12974 "-" "python-requests/2.32.0"
196.251.85.10 - - [15/Jul/2026:10:16:07 +0000] "POST /admin HTTP/1.1" 404 8491 "-" "Mozilla/5.0 (Windows NT 10.0; Win64; x64) AppleWebKit/537.36"
179.60.147.5 - - [15/Jul/2026:10:16:13 +0000] "GET /robots.txt HTTP/1.1" 200 21711 "-" "Mozilla/5.0 (Windows NT 10.0; Win64; x64) AppleWebKit/537.36"
196.251.85.10 - - [15/Jul/2026:10:16:19 +0000] "GET / HTTP/1.1" 404 18071 "-" "curl/8.5.0"
45.155.205.233 - - [15/Jul/2026:10:16:22 +0000] "POST /favicon.ico HTTP/1.1" 500 20880 "-" "Mozilla/5.0 (X11; Linux x86_64) Gecko/20100101 Firefox/128.0"
45.155.205.233 - - [15/Jul/2026:10:16:25 +0000] "GET /favicon.ico HTTP/1.1" 200 9795 "-" "Mozilla/5.0 (X11; Linux x86_64) Gecko/20100101 Firefox/128.0"
8.8.8.8 - - [15/Jul/2026:10:16:26 +0000] "GET / HTTP/1.1" 301 10340 "-" "Mozilla/5.0 (compatible; Googlebot/2.1; +http://www.google.com/bot.html)"
45.155.205.233 - - [15/Jul/2026:10:16:33 +0000] "POST /favicon.ico HTTP/1.1" 200 1379 "-" "Mozilla/5.0 (X11; Linux x86_64) Gecko/20100101 Firefox/128.0"
179.60.147.5 - - [15/Jul/2026:10:16:38 +0000] "GET / HTTP/1.1" 301 9132 "-" "Mozilla/5.0 (Windows NT 10.0; Win64; x64) AppleWebKit/537.36"
8.8.8.8 - - [15/Jul/2026:10:16:44 +0000] "GET /admin HTTP/1.1" 401 12849 "-" "curl/8.5.0"
185.220.101.34 - - [15/Jul/2026:10:16:47 +0000] "GET /favicon.ico HTTP/1.1" 404 17195 "-" "curl/8.5.0"
93.184.216.34 - - [15/Jul/2026:10:16:49 +0000] "GET /index.html HTTP/1.1" 403 19921 "-" "Mozilla/5.0 (X11; Linux x86_64) Gecko/20100101 Firefox/128.0"
103.152.220.44 - - [15/Jul/2026:10:16:58 +0000] "GET /robots.txt HTTP/1.1" 200 2803 "-" "curl/8.5.0"
45.155.205.233 - - [15/Jul/2026:10:17:03 +0000] "GET /favicon.ico HTTP/1.1" 403 5640 "-" "python-requests/2.32.0"
1.1.1.1 - - [15/Jul/2026:10:17:09 +0000] "GET / HTTP/1.1" 404 20327 "-" "python-requests/2.32.0"
